--------- beginning of system
03-28 15:53:34.743 W/ActivityManager( 2168): getRunningAppProcesses: caller 10043 does not hold REAL_GET_TASKS; limiting output
03-28 15:53:35.745 W/ActivityManager( 2168): getRunningAppProcesses: caller 10043 does not hold REAL_GET_TASKS; limiting output
03-28 15:53:36.746 W/ActivityManager( 2168): getRunningAppProcesses: caller 10043 does not hold REAL_GET_TASKS; limiting output
03-28 15:53:37.749 W/ActivityManager( 2168): getRunningAppProcesses: caller 10043 does not hold REAL_GET_TASKS; limiting output
03-28 15:53:38.749 W/ActivityManager( 2168): getRunningAppProcesses: caller 10043 does not hold REAL_GET_TASKS; limiting output
03-28 15:53:39.751 W/ActivityManager( 2168): getRunningAppProcesses: caller 10043 does not hold REAL_GET_TASKS; limiting output
03-28 15:53:40.752 W/ActivityManager( 2168): getRunningAppProcesses: caller 10043 does not hold REAL_GET_TASKS; limiting output
03-28 15:53:41.754 W/ActivityManager( 2168): getRunningAppProcesses: caller 10043 does not hold REAL_GET_TASKS; limiting output
03-28 15:53:42.757 W/ActivityManager( 2168): getRunningAppProcesses: caller 10043 does not hold REAL_GET_TASKS; limiting output
03-28 15:53:43.760 W/ActivityManager( 2168): getRunningAppProcesses: caller 10043 does not hold REAL_GET_TASKS; limiting output
03-28 15:53:44.210 W/ContextImpl( 2168): Calling a method in the system process without a qualified user: android.app.ContextImpl.sendBroadcast:1327 com.android.server.am.ActivityManagerService.setFocusedStack:2498 com.android.server.wm.WindowManagerService$H.handleMessage:8207 android.os.Handler.dispatchMessage:102 android.os.Looper.loop:135 
03-28 15:53:44.211 I/ActivityManager( 2168): =============== gchen_tag: stackId: 2 in moveTaskToFrontLocked: moveTaskToFront
03-28 15:53:44.212 W/ContextImpl( 2168): Calling a method in the system process without a qualified user: android.app.ContextImpl.sendBroadcast:1327 com.android.server.wm.WindowManagerService.hideStatusbarBroadcast:12027 com.android.server.am.ActivityStackSupervisor.mayAutoHideStatusBar:1850 com.android.server.am.ActivityStackSupervisor.adjustStatusBar:1857 com.android.server.am.ActivityStackSupervisor.setFocusedStack:1827 
03-28 15:53:44.213 W/ContextImpl( 2168): Calling a method in the system process without a qualified user: android.app.ContextImpl.sendBroadcast:1327 com.android.server.wm.WindowManagerService.hideStatusbarBroadcast:12027 com.android.server.am.ActivityStackSupervisor.mayAutoHideStatusBar:1850 com.android.server.am.ActivityStackSupervisor.moveHomeStack:453 com.android.server.am.ActivityStack.moveToFront:493 
--------- beginning of main
03-28 15:53:44.215 W/AudioTrack( 2168): AUDIO_OUTPUT_FLAG_FAST denied by client
03-28 15:53:44.216 D/SettingsProvider( 2168): User 0 external modification to /data/data/com.android.providers.settings/databases/settings.db; event=2
03-28 15:53:44.217 D/SettingsProvider( 2168): User 0 updating our caches for /data/data/com.android.providers.settings/databases/settings.db
03-28 15:53:44.225 V/WindowManager( 2168): ++++xiej, 04-13,7:26, getOrientationFromAppTokensLocked
03-28 15:53:44.231 D/audio_hw_primary( 1883): found out /dev/snd/pcmC0D0p
03-28 15:53:44.762 W/ActivityManager( 2168): getRunningAppProcesses: caller 10043 does not hold REAL_GET_TASKS; limiting output
03-28 15:53:45.764 W/ActivityManager( 2168): getRunningAppProcesses: caller 10043 does not hold REAL_GET_TASKS; limiting output
03-28 15:53:46.766 W/ActivityManager( 2168): getRunningAppProcesses: caller 10043 does not hold REAL_GET_TASKS; limiting output
03-28 15:53:47.768 W/ActivityManager( 2168): getRunningAppProcesses: caller 10043 does not hold REAL_GET_TASKS; limiting output
03-28 15:53:48.747 W/IdleConnectionHandler( 3019): Removing a connection that never existed!
03-28 15:53:48.769 W/ActivityManager( 2168): getRunningAppProcesses: caller 10043 does not hold REAL_GET_TASKS; limiting output
03-28 15:53:49.667 W/ContextImpl( 2168): Calling a method in the system process without a qualified user: android.app.ContextImpl.sendBroadcast:1327 com.android.server.am.ActivityManagerService.setFocusedStack:2498 com.android.server.wm.WindowManagerService$H.handleMessage:8207 android.os.Handler.dispatchMessage:102 android.os.Looper.loop:135 
03-28 15:53:49.668 I/ActivityManager( 2168): =============== gchen_tag: stackId: 2 in moveTaskToFrontLocked: moveTaskToFront
03-28 15:53:49.668 W/AudioTrack( 2168): AUDIO_OUTPUT_FLAG_FAST denied by client
03-28 15:53:49.669 W/ContextImpl( 2168): Calling a method in the system process without a qualified user: android.app.ContextImpl.sendBroadcast:1327 com.android.server.wm.WindowManagerService.hideStatusbarBroadcast:12027 com.android.server.am.ActivityStackSupervisor.mayAutoHideStatusBar:1850 com.android.server.am.ActivityStackSupervisor.adjustStatusBar:1857 com.android.server.am.ActivityStackSupervisor.setFocusedStack:1827 
03-28 15:53:49.669 W/ContextImpl( 2168): Calling a method in the system process without a qualified user: android.app.ContextImpl.sendBroadcast:1327 com.android.server.wm.WindowManagerService.hideStatusbarBroadcast:12027 com.android.server.am.ActivityStackSupervisor.mayAutoHideStatusBar:1850 com.android.server.am.ActivityStackSupervisor.moveHomeStack:453 com.android.server.am.ActivityStack.moveToFront:493 
03-28 15:53:49.680 V/WindowManager( 2168): ++++xiej, 04-13,7:26, getOrientationFromAppTokensLocked
03-28 15:53:49.682 I/ActivityManager( 2168): START u0 {act=android.intent.action.MAIN cmp=com.android.settings/.SubSettings (has extras)} from uid 1000 on display 0
03-28 15:53:49.683 D/audio_hw_primary( 1883): found out /dev/snd/pcmC0D0p
03-28 15:53:49.684 W/ContextImpl( 2168): Calling a method in the system process without a qualified user: android.app.ContextImpl.sendBroadcast:1327 com.android.server.wm.WindowManagerService.hideStatusbarBroadcast:12027 com.android.server.am.ActivityStackSupervisor.mayAutoHideStatusBar:1850 com.android.server.am.ActivityStackSupervisor.moveHomeStack:453 com.android.server.am.ActivityStack.moveToFront:493 
03-28 15:53:49.686 W/ContextImpl( 2168): Calling a method in the system process without a qualified user: android.app.ContextImpl.sendBroadcast:1327 com.android.server.wm.WindowManagerService.hideStatusbarBroadcast:12027 com.android.server.am.ActivityStackSupervisor.mayAutoHideStatusBar:1850 com.android.server.am.ActivityStackSupervisor.adjustStatusBar:1857 com.android.server.am.ActivityStackSupervisor.setFocusedStack:1827 
03-28 15:53:49.686 V/WindowManager( 2168): addAppToken: AppWindowToken{1c05c4ab token=Token{2fda36fa ActivityRecord{14b0d525 u0 com.android.settings/.SubSettings t6}}} to stack=2 task=6 at 2
03-28 15:53:49.688 W/ContextImpl( 2168): Calling a method in the system process without a qualified user: android.app.ContextImpl.sendBroadcast:1327 com.android.server.wm.WindowManagerService.hideStatusbarBroadcast:12027 com.android.server.am.ActivityStackSupervisor.mayAutoHideStatusBar:1850 com.android.server.am.ActivityStackSupervisor.adjustStatusBar:1857 com.android.server.am.ActivityStackSupervisor.setFocusedStack:1827 
03-28 15:53:49.691 V/WindowManager( 2168): ++++xiej, 04-13,7:26, getOrientationFromAppTokensLocked
03-28 15:53:49.717 D/SubSettings( 2690): Launching fragment com.android.settings.ZonePicker
03-28 15:53:49.758 V/WindowManager( 2168): Adding window Window{aae52aa u0 com.android.settings/com.android.settings.SubSettings} at 4 of 7 (after Window{27a1b51c u0 com.android.settings/com.android.settings.SubSettings})
03-28 15:53:49.769 V/WindowManager( 2168): ++++xiej, 04-13,7:26, getOrientationFromAppTokensLocked
03-28 15:53:49.770 W/ActivityManager( 2168): getRunningAppProcesses: caller 10043 does not hold REAL_GET_TASKS; limiting output
03-28 15:53:49.877 V/WindowManager( 2168): ++++xiej, 04-13,7:26, getOrientationFromAppTokensLocked
03-28 15:53:49.880 I/ActivityManager( 2168): Displayed com.android.settings/.SubSettings: +189ms
03-28 15:53:50.773 W/ActivityManager( 2168): getRunningAppProcesses: caller 10043 does not hold REAL_GET_TASKS; limiting output
03-28 15:53:51.776 W/ActivityManager( 2168): getRunningAppProcesses: caller 10043 does not hold REAL_GET_TASKS; limiting output
03-28 15:53:52.778 W/ActivityManager( 2168): getRunningAppProcesses: caller 10043 does not hold REAL_GET_TASKS; limiting output
03-28 15:53:53.779 W/ActivityManager( 2168): getRunningAppProcesses: caller 10043 does not hold REAL_GET_TASKS; limiting output
03-28 15:53:53.992 W/ContextImpl( 2168): Calling a method in the system process without a qualified user: android.app.ContextImpl.sendBroadcast:1327 com.android.server.wm.WindowManagerService.showStatusbarBroadcast:12037 com.android.server.wm.WindowManagerService$H.onCheckingStatusBar:7694 com.android.server.wm.WindowManagerService$H.handleMessage:8214 android.os.Handler.dispatchMessage:102 
03-28 15:53:53.992 W/ContextImpl( 2168): Calling a method in the system process without a qualified user: android.app.ContextImpl.sendBroadcast:1327 com.android.server.wm.WindowManagerService.showStatusbarBroadcast:12037 com.android.server.wm.WindowManagerService$H.onCheckingStatusBar:7694 com.android.server.wm.WindowManagerService$H.handleMessage:8214 android.os.Handler.dispatchMessage:102 
03-28 15:53:53.992 W/ContextImpl( 2168): Calling a method in the system process without a qualified user: android.app.ContextImpl.sendBroadcast:1327 com.android.server.wm.WindowManagerService.showStatusbarBroadcast:12037 com.android.server.wm.WindowManagerService$H.onCheckingStatusBar:7694 com.android.server.wm.WindowManagerService$H.handleMessage:8214 android.os.Handler.dispatchMessage:102 
03-28 15:53:53.992 W/ContextImpl( 2168): Calling a method in the system process without a qualified user: android.app.ContextImpl.sendBroadcast:1327 com.android.server.wm.WindowManagerService.showStatusbarBroadcast:12037 com.android.server.wm.WindowManagerService$H.onCheckingStatusBar:7694 com.android.server.wm.WindowManagerService$H.handleMessage:8214 android.os.Handler.dispatchMessage:102 
03-28 15:53:53.992 W/ContextImpl( 2168): Calling a method in the system process without a qualified user: android.app.ContextImpl.sendBroadcast:1327 com.android.server.wm.WindowManagerService.showStatusbarBroadcast:12037 com.android.server.wm.WindowManagerService$H.onCheckingStatusBar:7694 com.android.server.wm.WindowManagerService$H.handleMessage:8214 android.os.Handler.dispatchMessage:102 
03-28 15:53:53.992 W/ContextImpl( 2168): Calling a method in the system process without a qualified user: android.app.ContextImpl.sendBroadcast:1327 com.android.server.wm.WindowManagerService.showStatusbarBroadcast:12037 com.android.server.wm.WindowManagerService$H.onCheckingStatusBar:7694 com.android.server.wm.WindowManagerService$H.handleMessage:8214 android.os.Handler.dispatchMessage:102 
03-28 15:53:53.992 W/ContextImpl( 2168): Calling a method in the system process without a qualified user: android.app.ContextImpl.sendBroadcast:1327 com.android.server.wm.WindowManagerService.showStatusbarBroadcast:12037 com.android.server.wm.WindowManagerService$H.onCheckingStatusBar:7694 com.android.server.wm.WindowManagerService$H.handleMessage:8214 android.os.Handler.dispatchMessage:102 
03-28 15:53:53.992 W/ContextImpl( 2168): Calling a method in the system process without a qualified user: android.app.ContextImpl.sendBroadcast:1327 com.android.server.wm.WindowManagerService.showStatusbarBroadcast:12037 com.android.server.wm.WindowManagerService$H.onCheckingStatusBar:7694 com.android.server.wm.WindowManagerService$H.handleMessage:8214 android.os.Handler.dispatchMessage:102 
03-28 15:53:53.992 W/ContextImpl( 2168): Calling a method in the system process without a qualified user: android.app.ContextImpl.sendBroadcast:1327 com.android.server.wm.WindowManagerService.showStatusbarBroadcast:12037 com.android.server.wm.WindowManagerService$H.onCheckingStatusBar:7694 com.android.server.wm.WindowManagerService$H.handleMessage:8214 android.os.Handler.dispatchMessage:102 
03-28 15:53:53.992 W/ContextImpl( 2168): Calling a method in the system process without a qualified user: android.app.ContextImpl.sendBroadcast:1327 com.android.server.wm.WindowManagerService.showStatusbarBroadcast:12037 com.android.server.wm.WindowManagerService$H.onCheckingStatusBar:7694 com.android.server.wm.WindowManagerService$H.handleMessage:8214 android.os.Handler.dispatchMessage:102 
03-28 15:53:53.992 W/ContextImpl( 2168): Calling a method in the system process without a qualified user: android.app.ContextImpl.sendBroadcast:1327 com.android.server.wm.WindowManagerService.showStatusbarBroadcast:12037 com.android.server.wm.WindowManagerService$H.onCheckingStatusBar:7694 com.android.server.wm.WindowManagerService$H.handleMessage:8214 android.os.Handler.dispatchMessage:102 
03-28 15:53:53.992 W/ContextImpl( 2168): Calling a method in the system process without a qualified user: android.app.ContextImpl.sendBroadcast:1327 com.android.server.wm.WindowManagerService.showStatusbarBroadcast:12037 com.android.server.wm.WindowManagerService$H.onCheckingStatusBar:7694 com.android.server.wm.WindowManagerService$H.handleMessage:8214 android.os.Handler.dispatchMessage:102 
03-28 15:53:53.992 W/ContextImpl( 2168): Calling a method in the system process without a qualified user: android.app.ContextImpl.sendBroadcast:1327 com.android.server.wm.WindowManagerService.showStatusbarBroadcast:12037 com.android.server.wm.WindowManagerService$H.onCheckingStatusBar:7694 com.android.server.wm.WindowManagerService$H.handleMessage:8214 android.os.Handler.dispatchMessage:102 
03-28 15:53:53.993 W/ContextImpl( 2168): Calling a method in the system process without a qualified user: android.app.ContextImpl.sendBroadcast:1327 com.android.server.wm.WindowManagerService.showStatusbarBroadcast:12037 com.android.server.wm.WindowManagerService$H.onCheckingStatusBar:7694 com.android.server.wm.WindowManagerService$H.handleMessage:8214 android.os.Handler.dispatchMessage:102 
03-28 15:53:53.993 W/ContextImpl( 2168): Calling a method in the system process without a qualified user: android.app.ContextImpl.sendBroadcast:1327 com.android.server.wm.WindowManagerService.showStatusbarBroadcast:12037 com.android.server.wm.WindowManagerService$H.onCheckingStatusBar:7694 com.android.server.wm.WindowManagerService$H.handleMessage:8214 android.os.Handler.dispatchMessage:102 
03-28 15:53:53.993 W/ContextImpl( 2168): Calling a method in the system process without a qualified user: android.app.ContextImpl.sendBroadcast:1327 com.android.server.wm.WindowManagerService.showStatusbarBroadcast:12037 com.android.server.wm.WindowManagerService$H.onCheckingStatusBar:7694 com.android.server.wm.WindowManagerService$H.handleMessage:8214 android.os.Handler.dispatchMessage:102 
03-28 15:53:53.993 W/ContextImpl( 2168): Calling a method in the system process without a qualified user: android.app.ContextImpl.sendBroadcast:1327 com.android.server.wm.WindowManagerService.showStatusbarBroadcast:12037 com.android.server.wm.WindowManagerService$H.onCheckingStatusBar:7694 com.android.server.wm.WindowManagerService$H.handleMessage:8214 android.os.Handler.dispatchMessage:102 
03-28 15:53:53.993 W/ContextImpl( 2168): Calling a method in the system process without a qualified user: android.app.ContextImpl.sendBroadcast:1327 com.android.server.wm.WindowManagerService.showStatusbarBroadcast:12037 com.android.server.wm.WindowManagerService$H.onCheckingStatusBar:7694 com.android.server.wm.WindowManagerService$H.handleMessage:8214 android.os.Handler.dispatchMessage:102 
03-28 15:53:53.993 W/ContextImpl( 2168): Calling a method in the system process without a qualified user: android.app.ContextImpl.sendBroadcast:1327 com.android.server.wm.WindowManagerService.showStatusbarBroadcast:12037 com.android.server.wm.WindowManagerService$H.onCheckingStatusBar:7694 com.android.server.wm.WindowManagerService$H.handleMessage:8214 android.os.Handler.dispatchMessage:102 
03-28 15:53:54.000 W/ContextImpl( 2168): Calling a method in the system process without a qualified user: android.app.ContextImpl.sendBroadcast:1327 com.android.server.wm.WindowManagerService.showStatusbarBroadcast:12037 com.android.server.wm.WindowManagerService$H.onCheckingStatusBar:7694 com.android.server.wm.WindowManagerService$H.handleMessage:8214 android.os.Handler.dispatchMessage:102 
03-28 15:53:54.019 V/WindowManager( 2168): ++++xiej, 04-13,7:26, getOrientationFromAppTokensLocked
03-28 15:53:54.019 W/ContextImpl( 2168): Calling a method in the system process without a qualified user: android.app.ContextImpl.sendBroadcast:1327 com.android.server.wm.WindowManagerService.showStatusbarBroadcast:12037 com.android.server.wm.WindowManagerService$H.onCheckingStatusBar:7694 com.android.server.wm.WindowManagerService$H.handleMessage:8214 android.os.Handler.dispatchMessage:102 
03-28 15:53:54.027 W/ContextImpl( 2168): Calling a method in the system process without a qualified user: android.app.ContextImpl.sendBroadcast:1327 com.android.server.wm.WindowManagerService.showStatusbarBroadcast:12037 com.android.server.wm.WindowManagerService$H.onCheckingStatusBar:7694 com.android.server.wm.WindowManagerService$H.handleMessage:8214 android.os.Handler.dispatchMessage:102 
03-28 15:53:54.039 W/ContextImpl( 2168): Calling a method in the system process without a qualified user: android.app.ContextImpl.sendBroadcast:1327 com.android.server.wm.WindowManagerService.showStatusbarBroadcast:12037 com.android.server.wm.WindowManagerService$H.onCheckingStatusBar:7694 com.android.server.wm.WindowManagerService$H.handleMessage:8214 android.os.Handler.dispatchMessage:102 
03-28 15:53:54.058 W/ContextImpl( 2168): Calling a method in the system process without a qualified user: android.app.ContextImpl.sendBroadcast:1327 com.android.server.wm.WindowManagerService.showStatusbarBroadcast:12037 com.android.server.wm.WindowManagerService$H.onCheckingStatusBar:7694 com.android.server.wm.WindowManagerService$H.handleMessage:8214 android.os.Handler.dispatchMessage:102 
03-28 15:53:54.065 W/ContextImpl( 2168): Calling a method in the system process without a qualified user: android.app.ContextImpl.sendBroadcast:1327 com.android.server.wm.WindowManagerService.showStatusbarBroadcast:12037 com.android.server.wm.WindowManagerService$H.onCheckingStatusBar:7694 com.android.server.wm.WindowManagerService$H.handleMessage:8214 android.os.Handler.dispatchMessage:102 
03-28 15:53:54.076 W/ContextImpl( 2168): Calling a method in the system process without a qualified user: android.app.ContextImpl.sendBroadcast:1327 com.android.server.wm.WindowManagerService.showStatusbarBroadcast:12037 com.android.server.wm.WindowManagerService$H.onCheckingStatusBar:7694 com.android.server.wm.WindowManagerService$H.handleMessage:8214 android.os.Handler.dispatchMessage:102 
03-28 15:53:54.089 W/ContextImpl( 2168): Calling a method in the system process without a qualified user: android.app.ContextImpl.sendBroadcast:1327 com.android.server.wm.WindowManagerService.showStatusbarBroadcast:12037 com.android.server.wm.WindowManagerService$H.onCheckingStatusBar:7694 com.android.server.wm.WindowManagerService$H.handleMessage:8214 android.os.Handler.dispatchMessage:102 
03-28 15:53:54.128 V/WindowManager( 2168): ++++xiej, 04-13,7:26, getOrientationFromAppTokensLocked
03-28 15:53:54.155 V/WindowManager( 2168): ++++xiej, 04-13,7:26, getOrientationFromAppTokensLocked
03-28 15:53:54.182 W/InputMethodManagerService( 2168): Window already focused, ignoring focus gain of: com.android.internal.view.IInputMethodClient$Stub$Proxy@2b5e1977 attribute=null, token = android.os.BinderProxy@1fa5195
03-28 15:53:54.781 W/ActivityManager( 2168): getRunningAppProcesses: caller 10043 does not hold REAL_GET_TASKS; limiting output
03-28 15:53:55.552 W/ContextImpl( 2168): Calling a method in the system process without a qualified user: android.app.ContextImpl.sendBroadcast:1327 com.android.server.am.ActivityManagerService.setFocusedStack:2498 com.android.server.wm.WindowManagerService$H.handleMessage:8207 android.os.Handler.dispatchMessage:102 android.os.Looper.loop:135 
03-28 15:53:55.553 I/ActivityManager( 2168): =============== gchen_tag: stackId: 2 in moveTaskToFrontLocked: moveTaskToFront
03-28 15:53:55.553 W/ContextImpl( 2168): Calling a method in the system process without a qualified user: android.app.ContextImpl.sendBroadcast:1327 com.android.server.wm.WindowManagerService.hideStatusbarBroadcast:12027 com.android.server.am.ActivityStackSupervisor.mayAutoHideStatusBar:1850 com.android.server.am.ActivityStackSupervisor.adjustStatusBar:1857 com.android.server.am.ActivityStackSupervisor.setFocusedStack:1827 
03-28 15:53:55.555 W/ContextImpl( 2168): Calling a method in the system process without a qualified user: android.app.ContextImpl.sendBroadcast:1327 com.android.server.wm.WindowManagerService.hideStatusbarBroadcast:12027 com.android.server.am.ActivityStackSupervisor.mayAutoHideStatusBar:1850 com.android.server.am.ActivityStackSupervisor.moveHomeStack:453 com.android.server.am.ActivityStack.moveToFront:493 
03-28 15:53:55.560 W/AudioTrack( 2168): AUDIO_OUTPUT_FLAG_FAST denied by client
03-28 15:53:55.560 V/AlarmManager( 2168): timezone changed: Atlantic/Azores, new=Asia/Beirut
03-28 15:53:55.562 D/AlarmManager( 2168): setTimeZoneImpl setRawOffset:-3600000
03-28 15:53:55.562 D/AlarmManagerService( 2168): Kernel timezone updated to 0 minutes west of GMT
03-28 15:53:55.565 V/WindowManager( 2168): ++++xiej, 04-13,7:26, getOrientationFromAppTokensLocked
03-28 15:53:55.578 E/ZonePicker( 2690): wjx mListner == null
03-28 15:53:55.579 D/audio_hw_primary( 1883): found out /dev/snd/pcmC0D0p
03-28 15:53:55.587 W/ContextImpl( 2168): Calling a method in the system process without a qualified user: android.app.ContextImpl.sendBroadcast:1327 com.android.server.wm.WindowManagerService.hideStatusbarBroadcast:12027 com.android.server.am.ActivityStackSupervisor.mayAutoHideStatusBar:1850 com.android.server.am.ActivityStackSupervisor.adjustStatusBar:1857 com.android.server.am.ActivityStackSupervisor.setFocusedStack:1827 
03-28 15:53:55.590 V/AlarmClock( 2930): AlarmInitReceiver android.intent.action.TIMEZONE_CHANGED
03-28 15:53:55.590 V/AlarmManager( 2168): set(PendingIntent{bdd49e4: PendingIntentRecord{4141e4d com.android.providers.calendar broadcastIntent}}) : type=2 triggerAtTime=105856 win=0 tElapsed=105856 maxElapsed=105856 interval=0 standalone=true
03-28 15:53:55.592 V/WindowManager( 2168): ++++xiej, 04-13,7:26, getOrientationFromAppTokensLocked
03-28 15:53:55.601 V/WindowManager( 2168): ++++xiej, 04-13,7:26, getOrientationFromAppTokensLocked
03-28 15:53:55.606 V/AlarmClock( 2930): AlarmInitReceiver finished
03-28 15:53:55.606 V/WindowManager( 2168): ++++xiej, 04-13,7:26, getOrientationFromAppTokensLocked
03-28 15:53:55.615 V/AlarmManager( 2168): set(PendingIntent{1a5a8d02: PendingIntentRecord{2110d613 com.android.deskclock broadcastIntent}}) : type=1 triggerAtTime=1490716801000 win=0 tElapsed=466266 maxElapsed=466266 interval=0 standalone=true
03-28 15:53:55.621 V/AlarmManager( 2168): remove(operation) changed bounds; rebatching
03-28 15:53:55.625 V/AlarmManager( 2168): Adding Alarm{1b172050 type 1 when 1490719949134 com.android.inputmethod.latin} to Batch{22915249 num=2 start=3612877 end=6312877}
03-28 15:53:55.625 V/AlarmManager( 2168):     => now Batch{22915249 num=2 start=3614400 end=6312877}
03-28 15:53:55.627 V/AlarmManager( 2168): set(PendingIntent{2c68774e: PendingIntentRecord{369f4837 com.android.calendar broadcastIntent}}) : type=1 triggerAtTime=1490745600000 win=0 tElapsed=29265266 maxElapsed=29265266 interval=0 standalone=true
03-28 15:53:55.670 D/OpenGLRenderer( 2690): endAllStagingAnimators on 0x7f7c0842c800 (ListView) with handle 0x7f7c06c14620
03-28 15:53:55.675 V/WindowManager( 2168): ++++xiej, 04-13,7:26, getOrientationFromAppTokensLocked
03-28 15:53:55.687 E/ActivityThread( 2690): Activity com.android.settings.SubSettings has leaked IntentReceiver com.android.internal.policy.impl.PhoneWindow$5@3b3047c4 that was originally registered here. Are you missing a call to unregisterReceiver()?
03-28 15:53:55.687 E/ActivityThread( 2690): android.app.IntentReceiverLeaked: Activity com.android.settings.SubSettings has leaked IntentReceiver com.android.internal.policy.impl.PhoneWindow$5@3b3047c4 that was originally registered here. Are you missing a call to unregisterReceiver()?
03-28 15:53:55.687 E/ActivityThread( 2690): 	at android.app.LoadedApk$ReceiverDispatcher.<init>(LoadedApk.java:903)
03-28 15:53:55.687 E/ActivityThread( 2690): 	at android.app.LoadedApk.getReceiverDispatcher(LoadedApk.java:704)
03-28 15:53:55.687 E/ActivityThread( 2690): 	at android.app.ContextImpl.registerReceiverInternal(ContextImpl.java:1643)
03-28 15:53:55.687 E/ActivityThread( 2690): 	at android.app.ContextImpl.registerReceiver(ContextImpl.java:1623)
03-28 15:53:55.687 E/ActivityThread( 2690): 	at android.app.ContextImpl.registerReceiver(ContextImpl.java:1617)
03-28 15:53:55.687 E/ActivityThread( 2690): 	at android.content.ContextWrapper.registerReceiver(ContextWrapper.java:489)
03-28 15:53:55.687 E/ActivityThread( 2690): 	at com.android.internal.policy.impl.PhoneWindow.<init>(PhoneWindow.java:383)
03-28 15:53:55.687 E/ActivityThread( 2690): 	at com.android.internal.policy.impl.Policy.makeNewWindow(Policy.java:60)
03-28 15:53:55.687 E/ActivityThread( 2690): 	at com.android.internal.policy.PolicyManager.makeNewWindow(PolicyManager.java:57)
03-28 15:53:55.687 E/ActivityThread( 2690): 	at android.app.Activity.attach(Activity.java:6083)
03-28 15:53:55.687 E/ActivityThread( 2690): 	at android.app.ActivityThread.performLaunchActivity(ActivityThread.java:2259)
03-28 15:53:55.687 E/ActivityThread( 2690): 	at android.app.ActivityThread.handleLaunchActivity(ActivityThread.java:2387)
03-28 15:53:55.687 E/ActivityThread( 2690): 	at android.app.ActivityThread.access$800(ActivityThread.java:151)
03-28 15:53:55.687 E/ActivityThread( 2690): 	at android.app.ActivityThread$H.handleMessage(ActivityThread.java:1303)
03-28 15:53:55.687 E/ActivityThread( 2690): 	at android.os.Handler.dispatchMessage(Handler.java:102)
03-28 15:53:55.687 E/ActivityThread( 2690): 	at android.os.Looper.loop(Looper.java:135)
03-28 15:53:55.687 E/ActivityThread( 2690): 	at android.app.ActivityThread.main(ActivityThread.java:5254)
03-28 15:53:55.687 E/ActivityThread( 2690): 	at java.lang.reflect.Method.invoke(Native Method)
03-28 15:53:55.687 E/ActivityThread( 2690): 	at java.lang.reflect.Method.invoke(Method.java:372)
03-28 15:53:55.687 E/ActivityThread( 2690): 	at com.android.internal.os.ZygoteInit$MethodAndArgsCaller.run(ZygoteInit.java:903)
03-28 15:53:55.687 E/ActivityThread( 2690): 	at com.android.internal.os.ZygoteInit.main(ZygoteInit.java:698)
03-28 15:53:55.689 E/ActivityThread( 2690): Activity com.android.settings.SubSettings has leaked IntentReceiver com.android.internal.policy.impl.PhoneWindow$4@3d08e2d7 that was originally registered here. Are you missing a call to unregisterReceiver()?
03-28 15:53:55.689 E/ActivityThread( 2690): android.app.IntentReceiverLeaked: Activity com.android.settings.SubSettings has leaked IntentReceiver com.android.internal.policy.impl.PhoneWindow$4@3d08e2d7 that was originally registered here. Are you missing a call to unregisterReceiver()?
03-28 15:53:55.689 E/ActivityThread( 2690): 	at android.app.LoadedApk$ReceiverDispatcher.<init>(LoadedApk.java:903)
03-28 15:53:55.689 E/ActivityThread( 2690): 	at android.app.LoadedApk.getReceiverDispatcher(LoadedApk.java:704)
03-28 15:53:55.689 E/ActivityThread( 2690): 	at android.app.ContextImpl.registerReceiverInternal(ContextImpl.java:1643)
03-28 15:53:55.689 E/ActivityThread( 2690): 	at android.app.ContextImpl.registerReceiver(ContextImpl.java:1623)
03-28 15:53:55.689 E/ActivityThread( 2690): 	at android.app.ContextImpl.registerReceiver(ContextImpl.java:1617)
03-28 15:53:55.689 E/ActivityThread( 2690): 	at android.content.ContextWrapper.registerReceiver(ContextWrapper.java:489)
03-28 15:53:55.689 E/ActivityThread( 2690): 	at com.android.internal.policy.impl.PhoneWindow.<init>(PhoneWindow.java:382)
03-28 15:53:55.689 E/ActivityThread( 2690): 	at com.android.internal.policy.impl.Policy.makeNewWindow(Policy.java:60)
03-28 15:53:55.689 E/ActivityThread( 2690): 	at com.android.internal.policy.PolicyManager.makeNewWindow(PolicyManager.java:57)
03-28 15:53:55.689 E/ActivityThread( 2690): 	at android.app.Activity.attach(Activity.java:6083)
03-28 15:53:55.689 E/ActivityThread( 2690): 	at android.app.ActivityThread.performLaunchActivity(ActivityThread.java:2259)
03-28 15:53:55.689 E/ActivityThread( 2690): 	at android.app.ActivityThread.handleLaunchActivity(ActivityThread.java:2387)
03-28 15:53:55.689 E/ActivityThread( 2690): 	at android.app.ActivityThread.access$800(ActivityThread.java:151)
03-28 15:53:55.689 E/ActivityThread( 2690): 	at android.app.ActivityThread$H.handleMessage(ActivityThread.java:1303)
03-28 15:53:55.689 E/ActivityThread( 2690): 	at android.os.Handler.dispatchMessage(Handler.java:102)
03-28 15:53:55.689 E/ActivityThread( 2690): 	at android.os.Looper.loop(Looper.java:135)
03-28 15:53:55.689 E/ActivityThread( 2690): 	at android.app.ActivityThread.main(ActivityThread.java:5254)
03-28 15:53:55.689 E/ActivityThread( 2690): 	at java.lang.reflect.Method.invoke(Native Method)
03-28 15:53:55.689 E/ActivityThread( 2690): 	at java.lang.reflect.Method.invoke(Method.java:372)
03-28 15:53:55.689 E/ActivityThread( 2690): 	at com.android.internal.os.ZygoteInit$MethodAndArgsCaller.run(ZygoteInit.java:903)
03-28 15:53:55.689 E/ActivityThread( 2690): 	at com.android.internal.os.ZygoteInit.main(ZygoteInit.java:698)
03-28 15:53:55.783 W/ActivityManager( 2168): getRunningAppProcesses: caller 10043 does not hold REAL_GET_TASKS; limiting output
03-28 15:53:56.784 W/ActivityManager( 2168): getRunningAppProcesses: caller 10043 does not hold REAL_GET_TASKS; limiting output
03-28 15:53:57.747 W/ContextImpl( 2168): Calling a method in the system process without a qualified user: android.app.ContextImpl.sendBroadcast:1327 com.android.server.am.ActivityManagerService.setFocusedStack:2498 com.android.server.wm.WindowManagerService$H.handleMessage:8207 android.os.Handler.dispatchMessage:102 android.os.Looper.loop:135 
03-28 15:53:57.748 I/ActivityManager( 2168): =============== gchen_tag: stackId: 2 in moveTaskToFrontLocked: moveTaskToFront
03-28 15:53:57.749 W/ContextImpl( 2168): Calling a method in the system process without a qualified user: android.app.ContextImpl.sendBroadcast:1327 com.android.server.wm.WindowManagerService.hideStatusbarBroadcast:12027 com.android.server.am.ActivityStackSupervisor.mayAutoHideStatusBar:1850 com.android.server.am.ActivityStackSupervisor.adjustStatusBar:1857 com.android.server.am.ActivityStackSupervisor.setFocusedStack:1827 
03-28 15:53:57.749 W/AudioTrack( 2168): AUDIO_OUTPUT_FLAG_FAST denied by client
03-28 15:53:57.750 W/ContextImpl( 2168): Calling a method in the system process without a qualified user: android.app.ContextImpl.sendBroadcast:1327 com.android.server.wm.WindowManagerService.hideStatusbarBroadcast:12027 com.android.server.am.ActivityStackSupervisor.mayAutoHideStatusBar:1850 com.android.server.am.ActivityStackSupervisor.moveHomeStack:453 com.android.server.am.ActivityStack.moveToFront:493 
03-28 15:53:57.753 V/WindowManager( 2168): ++++xiej, 04-13,7:26, getOrientationFromAppTokensLocked
03-28 15:53:57.756 I/ActivityManager( 2168): START u0 {act=android.intent.action.MAIN cmp=com.android.settings/.SubSettings (has extras)} from uid 1000 on display 0
03-28 15:53:57.756 W/ContextImpl( 2168): Calling a method in the system process without a qualified user: android.app.ContextImpl.sendBroadcast:1327 com.android.server.wm.WindowManagerService.hideStatusbarBroadcast:12027 com.android.server.am.ActivityStackSupervisor.mayAutoHideStatusBar:1850 com.android.server.am.ActivityStackSupervisor.moveHomeStack:453 com.android.server.am.ActivityStack.moveToFront:493 
03-28 15:53:57.760 W/ContextImpl( 2168): Calling a method in the system process without a qualified user: android.app.ContextImpl.sendBroadcast:1327 com.android.server.wm.WindowManagerService.hideStatusbarBroadcast:12027 com.android.server.am.ActivityStackSupervisor.mayAutoHideStatusBar:1850 com.android.server.am.ActivityStackSupervisor.adjustStatusBar:1857 com.android.server.am.ActivityStackSupervisor.setFocusedStack:1827 
03-28 15:53:57.761 V/WindowManager( 2168): addAppToken: AppWindowToken{24ab6a03 token=Token{34943ab2 ActivityRecord{337634bd u0 com.android.settings/.SubSettings t6}}} to stack=2 task=6 at 2
03-28 15:53:57.763 W/ContextImpl( 2168): Calling a method in the system process without a qualified user: android.app.ContextImpl.sendBroadcast:1327 com.android.server.wm.WindowManagerService.hideStatusbarBroadcast:12027 com.android.server.am.ActivityStackSupervisor.mayAutoHideStatusBar:1850 com.android.server.am.ActivityStackSupervisor.adjustStatusBar:1857 com.android.server.am.ActivityStackSupervisor.setFocusedStack:1827 
03-28 15:53:57.767 V/WindowManager( 2168): ++++xiej, 04-13,7:26, getOrientationFromAppTokensLocked
03-28 15:53:57.787 W/ActivityManager( 2168): getRunningAppProcesses: caller 10043 does not hold REAL_GET_TASKS; limiting output
03-28 15:53:57.803 D/SubSettings( 2690): Launching fragment com.android.settings.ZonePicker
03-28 15:53:57.863 V/WindowManager( 2168): Adding window Window{2b2cb462 u0 com.android.settings/com.android.settings.SubSettings} at 4 of 7 (after Window{27a1b51c u0 com.android.settings/com.android.settings.SubSettings})
03-28 15:53:57.884 V/WindowManager( 2168): ++++xiej, 04-13,7:26, getOrientationFromAppTokensLocked
03-28 15:53:57.959 V/WindowManager( 2168): ++++xiej, 04-13,7:26, getOrientationFromAppTokensLocked
03-28 15:53:57.962 I/ActivityManager( 2168): Displayed com.android.settings/.SubSettings: +195ms
03-28 15:53:58.789 W/ActivityManager( 2168): getRunningAppProcesses: caller 10043 does not hold REAL_GET_TASKS; limiting output
03-28 15:53:58.998 W/audio_hw_primary( 1883): out_write underrun: -32
03-28 15:53:59.022 W/AudioFlinger( 1883): write blocked for 538 msecs, 2 delayed writes, thread 0xf58a4000
03-28 15:53:59.557 W/AudioTrack( 2168): AUDIO_OUTPUT_FLAG_FAST denied by client
03-28 15:53:59.587 W/AudioTrack( 2168): AUDIO_OUTPUT_FLAG_FAST denied by client
03-28 15:53:59.618 W/AudioTrack( 2168): AUDIO_OUTPUT_FLAG_FAST denied by client
03-28 15:53:59.646 W/AudioTrack( 2168): AUDIO_OUTPUT_FLAG_FAST denied by client
03-28 15:53:59.678 W/AudioTrack( 2168): AUDIO_OUTPUT_FLAG_FAST denied by client
03-28 15:53:59.709 W/AudioTrack( 2168): AUDIO_OUTPUT_FLAG_FAST denied by client
03-28 15:53:59.743 W/AudioTrack( 2168): AUDIO_OUTPUT_FLAG_FAST denied by client
03-28 15:53:59.770 W/AudioTrack( 2168): AUDIO_OUTPUT_FLAG_FAST denied by client
03-28 15:53:59.794 W/ActivityManager( 2168): getRunningAppProcesses: caller 10043 does not hold REAL_GET_TASKS; limiting output
03-28 15:53:59.798 W/AudioTrack( 2168): AUDIO_OUTPUT_FLAG_FAST denied by client
03-28 15:53:59.826 W/AudioTrack( 2168): AUDIO_OUTPUT_FLAG_FAST denied by client
03-28 15:53:59.858 W/AudioTrack( 2168): AUDIO_OUTPUT_FLAG_FAST denied by client
03-28 15:53:59.886 W/AudioTrack( 2168): AUDIO_OUTPUT_FLAG_FAST denied by client
03-28 15:53:59.919 W/AudioTrack( 2168): AUDIO_OUTPUT_FLAG_FAST denied by client
03-28 15:53:59.947 W/AudioTrack( 2168): AUDIO_OUTPUT_FLAG_FAST denied by client
03-28 15:53:59.981 W/AudioTrack( 2168): AUDIO_OUTPUT_FLAG_FAST denied by client
03-28 15:54:00.001 V/AlarmManager( 2168): Checking for alarms... rtc=1490716440001, elapsed=105267
03-28 15:54:00.001 V/AlarmManager( 2168): Triggering alarm #0: Alarm{26cad9f3 type 3 when 105267 android}
03-28 15:54:00.001 V/AlarmManager( 2168): sending alarm Alarm{26cad9f3 type 3 when 105267 android}
03-28 15:54:00.001 V/AlarmManager( 2168): Received TIME_TICK alarm; rescheduling
03-28 15:54:00.002 V/AlarmManager( 2168): set(PendingIntent{39e15e01: PendingIntentRecord{55f84a6 android broadcastIntent}}) : type=3 triggerAtTime=165267 win=0 tElapsed=165267 maxElapsed=165267 interval=0 standalone=true
03-28 15:54:00.017 W/AudioTrack( 2168): AUDIO_OUTPUT_FLAG_FAST denied by client
03-28 15:54:00.047 W/AudioTrack( 2168): AUDIO_OUTPUT_FLAG_FAST denied by client
03-28 15:54:00.072 W/AudioTrack( 2168): AUDIO_OUTPUT_FLAG_FAST denied by client
03-28 15:54:00.093 W/AudioTrack( 2168): AUDIO_OUTPUT_FLAG_FAST denied by client
03-28 15:54:00.133 W/AudioTrack( 2168): AUDIO_OUTPUT_FLAG_FAST denied by client
03-28 15:54:00.165 W/AudioTrack( 2168): AUDIO_OUTPUT_FLAG_FAST denied by client
03-28 15:54:00.195 W/AudioTrack( 2168): AUDIO_OUTPUT_FLAG_FAST denied by client
03-28 15:54:00.223 W/AudioTrack( 2168): AUDIO_OUTPUT_FLAG_FAST denied by client
03-28 15:54:00.255 W/AudioTrack( 2168): AUDIO_OUTPUT_FLAG_FAST denied by client
03-28 15:54:00.275 W/AudioTrack( 2168): AUDIO_OUTPUT_FLAG_FAST denied by client
03-28 15:54:00.312 W/AudioTrack( 2168): AUDIO_OUTPUT_FLAG_FAST denied by client
03-28 15:54:00.344 W/AudioTrack( 2168): AUDIO_OUTPUT_FLAG_FAST denied by client
03-28 15:54:00.373 W/AudioTrack( 2168): AUDIO_OUTPUT_FLAG_FAST denied by client
03-28 15:54:00.404 W/AudioTrack( 2168): AUDIO_OUTPUT_FLAG_FAST denied by client
03-28 15:54:00.430 W/AudioTrack( 2168): AUDIO_OUTPUT_FLAG_FAST denied by client
03-28 15:54:00.464 W/AudioTrack( 2168): AUDIO_OUTPUT_FLAG_FAST denied by client
03-28 15:54:00.491 W/AudioTrack( 2168): AUDIO_OUTPUT_FLAG_FAST denied by client
03-28 15:54:00.518 W/AudioTrack( 2168): AUDIO_OUTPUT_FLAG_FAST denied by client
03-28 15:54:00.549 W/AudioTrack( 2168): AUDIO_OUTPUT_FLAG_FAST denied by client
03-28 15:54:00.590 V/AlarmManager( 2168): Checking for alarms... rtc=1490716440590, elapsed=105856
03-28 15:54:00.590 V/AlarmManager( 2168): Triggering alarm #0: Alarm{17b906b0 type 2 when 105856 com.android.providers.calendar}
03-28 15:54:00.590 V/AlarmManager( 2168): sending alarm Alarm{17b906b0 type 2 when 105856 com.android.providers.calendar}
03-28 15:54:00.627 V/AlarmManager( 2168): remove(operation) changed bounds; rebatching
03-28 15:54:00.628 V/AlarmManager( 2168): Adding Alarm{3825b4ae type 1 when 1490719949134 com.android.inputmethod.latin} to Batch{11af224f num=2 start=3612877 end=6312877}
03-28 15:54:00.628 V/AlarmManager( 2168):     => now Batch{11af224f num=2 start=3614400 end=6312877}
03-28 15:54:00.632 V/AlarmManager( 2168): set(PendingIntent{3c1fdddc: PendingIntentRecord{352aee5 com.android.providers.calendar broadcastIntent}}) : type=0 triggerAtTime=1490795700615 win=0 tElapsed=79365881 maxElapsed=79365881 interval=0 standalone=true
03-28 15:54:00.796 W/ActivityManager( 2168): getRunningAppProcesses: caller 10043 does not hold REAL_GET_TASKS; limiting output
03-28 15:54:01.174 W/AudioTrack( 2168): AUDIO_OUTPUT_FLAG_FAST denied by client
03-28 15:54:01.798 W/ActivityManager( 2168): getRunningAppProcesses: caller 10043 does not hold REAL_GET_TASKS; limiting output
03-28 15:54:01.897 W/AudioTrack( 2168): AUDIO_OUTPUT_FLAG_FAST denied by client
03-28 15:54:02.246 W/AudioTrack( 2168): AUDIO_OUTPUT_FLAG_FAST denied by client
03-28 15:54:02.498 W/AudioTrack( 2168): AUDIO_OUTPUT_FLAG_FAST denied by client
03-28 15:54:02.767 W/AudioTrack( 2168): AUDIO_OUTPUT_FLAG_FAST denied by client
03-28 15:54:02.800 W/ActivityManager( 2168): getRunningAppProcesses: caller 10043 does not hold REAL_GET_TASKS; limiting output
03-28 15:54:03.022 W/AudioTrack( 2168): AUDIO_OUTPUT_FLAG_FAST denied by client
03-28 15:54:03.273 W/AudioTrack( 2168): AUDIO_OUTPUT_FLAG_FAST denied by client
03-28 15:54:03.303 W/AudioTrack( 2168): AUDIO_OUTPUT_FLAG_FAST denied by client
03-28 15:54:03.337 W/AudioTrack( 2168): AUDIO_OUTPUT_FLAG_FAST denied by client
03-28 15:54:03.367 W/AudioTrack( 2168): AUDIO_OUTPUT_FLAG_FAST denied by client
03-28 15:54:03.394 W/AudioTrack( 2168): AUDIO_OUTPUT_FLAG_FAST denied by client
03-28 15:54:03.801 W/AudioTrack( 2168): AUDIO_OUTPUT_FLAG_FAST denied by client
03-28 15:54:03.802 W/ActivityManager( 2168): getRunningAppProcesses: caller 10043 does not hold REAL_GET_TASKS; limiting output
03-28 15:54:04.046 W/AudioTrack( 2168): AUDIO_OUTPUT_FLAG_FAST denied by client
03-28 15:54:04.081 W/AudioTrack( 2168): AUDIO_OUTPUT_FLAG_FAST denied by client
03-28 15:54:04.112 W/AudioTrack( 2168): AUDIO_OUTPUT_FLAG_FAST denied by client
03-28 15:54:04.144 W/AudioTrack( 2168): AUDIO_OUTPUT_FLAG_FAST denied by client
03-28 15:54:04.170 W/AudioTrack( 2168): AUDIO_OUTPUT_FLAG_FAST denied by client
03-28 15:54:04.199 W/AudioTrack( 2168): AUDIO_OUTPUT_FLAG_FAST denied by client
03-28 15:54:04.229 W/AudioTrack( 2168): AUDIO_OUTPUT_FLAG_FAST denied by client
03-28 15:54:04.260 W/AudioTrack( 2168): AUDIO_OUTPUT_FLAG_FAST denied by client
03-28 15:54:04.293 W/AudioTrack( 2168): AUDIO_OUTPUT_FLAG_FAST denied by client
03-28 15:54:04.322 W/AudioTrack( 2168): AUDIO_OUTPUT_FLAG_FAST denied by client
03-28 15:54:04.354 W/AudioTrack( 2168): AUDIO_OUTPUT_FLAG_FAST denied by client
03-28 15:54:04.382 W/AudioTrack( 2168): AUDIO_OUTPUT_FLAG_FAST denied by client
03-28 15:54:04.412 W/AudioTrack( 2168): AUDIO_OUTPUT_FLAG_FAST denied by client
03-28 15:54:04.443 W/AudioTrack( 2168): AUDIO_OUTPUT_FLAG_FAST denied by client
03-28 15:54:04.475 W/AudioTrack( 2168): AUDIO_OUTPUT_FLAG_FAST denied by client
03-28 15:54:04.503 W/AudioTrack( 2168): AUDIO_OUTPUT_FLAG_FAST denied by client
03-28 15:54:04.531 W/AudioTrack( 2168): AUDIO_OUTPUT_FLAG_FAST denied by client
03-28 15:54:04.562 W/AudioTrack( 2168): AUDIO_OUTPUT_FLAG_FAST denied by client
03-28 15:54:04.593 W/AudioTrack( 2168): AUDIO_OUTPUT_FLAG_FAST denied by client
03-28 15:54:04.620 W/AudioTrack( 2168): AUDIO_OUTPUT_FLAG_FAST denied by client
03-28 15:54:04.650 W/AudioTrack( 2168): AUDIO_OUTPUT_FLAG_FAST denied by client
03-28 15:54:04.804 W/ActivityManager( 2168): getRunningAppProcesses: caller 10043 does not hold REAL_GET_TASKS; limiting output
03-28 15:54:05.247 W/AudioTrack( 2168): AUDIO_OUTPUT_FLAG_FAST denied by client
03-28 15:54:05.473 W/AudioTrack( 2168): AUDIO_OUTPUT_FLAG_FAST denied by client
03-28 15:54:05.666 W/AudioTrack( 2168): AUDIO_OUTPUT_FLAG_FAST denied by client
03-28 15:54:05.807 W/ActivityManager( 2168): getRunningAppProcesses: caller 10043 does not hold REAL_GET_TASKS; limiting output
03-28 15:54:05.865 W/AudioTrack( 2168): AUDIO_OUTPUT_FLAG_FAST denied by client
03-28 15:54:06.349 W/AudioTrack( 2168): AUDIO_OUTPUT_FLAG_FAST denied by client
03-28 15:54:06.655 W/AudioTrack( 2168): AUDIO_OUTPUT_FLAG_FAST denied by client
03-28 15:54:06.810 W/ActivityManager( 2168): getRunningAppProcesses: caller 10043 does not hold REAL_GET_TASKS; limiting output
03-28 15:54:06.866 W/AudioTrack( 2168): AUDIO_OUTPUT_FLAG_FAST denied by client
03-28 15:54:07.086 W/AudioTrack( 2168): AUDIO_OUTPUT_FLAG_FAST denied by client
03-28 15:54:07.305 W/AudioTrack( 2168): AUDIO_OUTPUT_FLAG_FAST denied by client
03-28 15:54:07.495 W/AudioTrack( 2168): AUDIO_OUTPUT_FLAG_FAST denied by client
03-28 15:54:07.811 W/ActivityManager( 2168): getRunningAppProcesses: caller 10043 does not hold REAL_GET_TASKS; limiting output
03-28 15:54:07.970 W/AudioTrack( 2168): AUDIO_OUTPUT_FLAG_FAST denied by client
03-28 15:54:08.664 V/AlarmManager( 2168): timezone changed: Atlantic/Azores, new=Asia/Shanghai
03-28 15:54:08.664 D/AlarmManager( 2168): setTimeZoneImpl setRawOffset:-3600000
03-28 15:54:08.664 D/AlarmManagerService( 2168): Kernel timezone updated to 0 minutes west of GMT
03-28 15:54:08.664 W/AudioTrack( 2168): AUDIO_OUTPUT_FLAG_FAST denied by client
03-28 15:54:08.665 V/AlarmManager( 2168): set(PendingIntent{59c6dba: PendingIntentRecord{24e5946b com.android.providers.calendar broadcastIntent}}) : type=2 triggerAtTime=118931 win=0 tElapsed=118931 maxElapsed=118931 interval=0 standalone=true
03-28 15:54:08.666 E/ZonePicker( 2690): wjx mListner == null
03-28 15:54:08.666 W/ContextImpl( 2168): Calling a method in the system process without a qualified user: android.app.ContextImpl.sendBroadcast:1327 com.android.server.wm.WindowManagerService.hideStatusbarBroadcast:12027 com.android.server.am.ActivityStackSupervisor.mayAutoHideStatusBar:1850 com.android.server.am.ActivityStackSupervisor.adjustStatusBar:1857 com.android.server.am.ActivityStackSupervisor.setFocusedStack:1827 
03-28 15:54:08.667 V/AlarmClock( 2930): AlarmInitReceiver android.intent.action.TIMEZONE_CHANGED
03-28 15:54:08.668 V/WindowManager( 2168): ++++xiej, 04-13,7:26, getOrientationFromAppTokensLocked
03-28 15:54:08.669 V/WindowManager( 2168): ++++xiej, 04-13,7:26, getOrientationFromAppTokensLocked
03-28 15:54:08.670 V/AlarmClock( 2930): AlarmInitReceiver finished
03-28 15:54:08.670 V/AlarmManager( 2168): set(PendingIntent{1ebafbc8: PendingIntentRecord{13045461 com.android.deskclock broadcastIntent}}) : type=1 triggerAtTime=1490716801000 win=0 tElapsed=466267 maxElapsed=466267 interval=0 standalone=true
03-28 15:54:08.676 V/AlarmManager( 2168): remove(operation) changed bounds; rebatching
03-28 15:54:08.676 V/AlarmManager( 2168): Adding Alarm{384760c type 1 when 1490719949134 com.android.inputmethod.latin} to Batch{34a61b55 num=2 start=3612877 end=6312877}
03-28 15:54:08.676 V/AlarmManager( 2168):     => now Batch{34a61b55 num=2 start=3614400 end=6312877}
03-28 15:54:08.676 V/AlarmManager( 2168): set(PendingIntent{3fcbb96a: PendingIntentRecord{369f4837 com.android.calendar broadcastIntent}}) : type=1 triggerAtTime=1490745600000 win=0 tElapsed=29265266 maxElapsed=29265266 interval=0 standalone=true
03-28 15:54:08.703 V/WindowManager( 2168): ++++xiej, 04-13,7:26, getOrientationFromAppTokensLocked
03-28 15:54:08.720 E/ActivityThread( 2690): Activity com.android.settings.SubSettings has leaked IntentReceiver com.android.internal.policy.impl.PhoneWindow$5@22c07b87 that was originally registered here. Are you missing a call to unregisterReceiver()?
03-28 15:54:08.720 E/ActivityThread( 2690): android.app.IntentReceiverLeaked: Activity com.android.settings.SubSettings has leaked IntentReceiver com.android.internal.policy.impl.PhoneWindow$5@22c07b87 that was originally registered here. Are you missing a call to unregisterReceiver()?
03-28 15:54:08.720 E/ActivityThread( 2690): 	at android.app.LoadedApk$ReceiverDispatcher.<init>(LoadedApk.java:903)
03-28 15:54:08.720 E/ActivityThread( 2690): 	at android.app.LoadedApk.getReceiverDispatcher(LoadedApk.java:704)
03-28 15:54:08.720 E/ActivityThread( 2690): 	at android.app.ContextImpl.registerReceiverInternal(ContextImpl.java:1643)
03-28 15:54:08.720 E/ActivityThread( 2690): 	at android.app.ContextImpl.registerReceiver(ContextImpl.java:1623)
03-28 15:54:08.720 E/ActivityThread( 2690): 	at android.app.ContextImpl.registerReceiver(ContextImpl.java:1617)
03-28 15:54:08.720 E/ActivityThread( 2690): 	at android.content.ContextWrapper.registerReceiver(ContextWrapper.java:489)
03-28 15:54:08.720 E/ActivityThread( 2690): 	at com.android.internal.policy.impl.PhoneWindow.<init>(PhoneWindow.java:383)
03-28 15:54:08.720 E/ActivityThread( 2690): 	at com.android.internal.policy.impl.Policy.makeNewWindow(Policy.java:60)
03-28 15:54:08.720 E/ActivityThread( 2690): 	at com.android.internal.policy.PolicyManager.makeNewWindow(PolicyManager.java:57)
03-28 15:54:08.720 E/ActivityThread( 2690): 	at android.app.Activity.attach(Activity.java:6083)
03-28 15:54:08.720 E/ActivityThread( 2690): 	at android.app.ActivityThread.performLaunchActivity(ActivityThread.java:2259)
03-28 15:54:08.720 E/ActivityThread( 2690): 	at android.app.ActivityThread.handleLaunchActivity(ActivityThread.java:2387)
03-28 15:54:08.720 E/ActivityThread( 2690): 	at android.app.ActivityThread.access$800(ActivityThread.java:151)
03-28 15:54:08.720 E/ActivityThread( 2690): 	at android.app.ActivityThread$H.handleMessage(ActivityThread.java:1303)
03-28 15:54:08.720 E/ActivityThread( 2690): 	at android.os.Handler.dispatchMessage(Handler.java:102)
03-28 15:54:08.720 E/ActivityThread( 2690): 	at android.os.Looper.loop(Looper.java:135)
03-28 15:54:08.720 E/ActivityThread( 2690): 	at android.app.ActivityThread.main(ActivityThread.java:5254)
03-28 15:54:08.720 E/ActivityThread( 2690): 	at java.lang.reflect.Method.invoke(Native Method)
03-28 15:54:08.720 E/ActivityThread( 2690): 	at java.lang.reflect.Method.invoke(Method.java:372)
03-28 15:54:08.720 E/ActivityThread( 2690): 	at com.android.internal.os.ZygoteInit$MethodAndArgsCaller.run(ZygoteInit.java:903)
03-28 15:54:08.720 E/ActivityThread( 2690): 	at com.android.internal.os.ZygoteInit.main(ZygoteInit.java:698)
03-28 15:54:08.721 E/ActivityThread( 2690): Activity com.android.settings.SubSettings has leaked IntentReceiver com.android.internal.policy.impl.PhoneWindow$4@2a5c4fc6 that was originally registered here. Are you missing a call to unregisterReceiver()?
03-28 15:54:08.721 E/ActivityThread( 2690): android.app.IntentReceiverLeaked: Activity com.android.settings.SubSettings has leaked IntentReceiver com.android.internal.policy.impl.PhoneWindow$4@2a5c4fc6 that was originally registered here. Are you missing a call to unregisterReceiver()?
03-28 15:54:08.721 E/ActivityThread( 2690): 	at android.app.LoadedApk$ReceiverDispatcher.<init>(LoadedApk.java:903)
03-28 15:54:08.721 E/ActivityThread( 2690): 	at android.app.LoadedApk.getReceiverDispatcher(LoadedApk.java:704)
03-28 15:54:08.721 E/ActivityThread( 2690): 	at android.app.ContextImpl.registerReceiverInternal(ContextImpl.java:1643)
03-28 15:54:08.721 E/ActivityThread( 2690): 	at android.app.ContextImpl.registerReceiver(ContextImpl.java:1623)
03-28 15:54:08.721 E/ActivityThread( 2690): 	at android.app.ContextImpl.registerReceiver(ContextImpl.java:1617)
03-28 15:54:08.721 E/ActivityThread( 2690): 	at android.content.ContextWrapper.registerReceiver(ContextWrapper.java:489)
03-28 15:54:08.721 E/ActivityThread( 2690): 	at com.android.internal.policy.impl.PhoneWindow.<init>(PhoneWindow.java:382)
03-28 15:54:08.721 E/ActivityThread( 2690): 	at com.android.internal.policy.impl.Policy.makeNewWindow(Policy.java:60)
